le_mca@Z238-UL:~$ touch gitDemo
le_mca@Z238-UL:~$ cd gitDemo
bash: cd: gitDemo: Not a directory
le_mca@Z238-UL:~$ mkdir gitDemo
mkdir: cannot create directory ‘gitDemo’: File exists
le_mca@Z238-UL:~$ rm gitDemo
le_mca@Z238-UL:~$ mkdir gitDemo
le_mca@Z238-UL:~$ cd gitDemo
le_mca@Z238-UL:~/gitDemo$ git clone https://github.com/harisesalim21/newgitrep.git
Cloning into 'newgitrep'...
remote: Enumerating objects: 9, done.
remote: Counting objects: 100% (9/9), done.
remote: Compressing objects: 100% (7/7), done.
remote: Total 9 (delta 1), reused 0 (delta 0), pack-reused 0
Unpacking objects: 100% (9/9), done.
le_mca@Z238-UL:~/gitDemo$ ls
newgitrep
le_mca@Z238-UL:~/gitDemo$ git config --global user.name "harisesalim21"
le_mca@Z238-UL:~/gitDemo$ git config --global user.mail "harisesalim@gmail.com"
le_mca@Z238-UL:~/gitDemo$ git status
fatal: not a git repository (or any of the parent directories): .git
le_mca@Z238-UL:~/gitDemo$ git user
git: 'user' is not a git command. See 'git --help'.

The most similar command is
	subtree
le_mca@Z238-UL:~/gitDemo$ git user.name
git: 'user.name' is not a git command. See 'git --help'.
le_mca@Z238-UL:~/gitDemo$ git config user.name
harisesalim21
le_mca@Z238-UL:~/gitDemo$ git config user.all
le_mca@Z238-UL:~/gitDemo$ git config user.email
harisesalim@gmail.com
le_mca@Z238-UL:~/gitDemo$ git config user.mail
harisesalim@gmail.com
le_mca@Z238-UL:~/gitDemo$ gedit newgitrep/demo.txt
le_mca@Z238-UL:~/gitDemo$ gedit newgitrep/locaion.txt
le_mca@Z238-UL:~/gitDemo$ git add
fatal: not a git repository (or any of the parent directories): .git
le_mca@Z238-UL:~/gitDemo$ git init
Initialized empty Git repository in /home/le_mca/gitDemo/.git/
le_mca@Z238-UL:~/gitDemo$ git add
Nothing specified, nothing added.
Maybe you wanted to say 'git add .'?
le_mca@Z238-UL:~/gitDemo$ git add all
fatal: pathspec 'all' did not match any files
le_mca@Z238-UL:~/gitDemo$ git add newgitrep
warning: adding embedded git repository: newgitrep
hint: You've added another git repository inside your current repository.
hint: Clones of the outer repository will not contain the contents of
hint: the embedded repository and will not know how to obtain it.
hint: If you meant to add a submodule, use:
hint: 
hint: 	git submodule add <url> newgitrep
hint: 
hint: If you added this path by mistake, you can remove it from the
hint: index with:
hint: 
hint: 	git rm --cached newgitrep
hint: 
hint: See "git help submodule" for more information.
le_mca@Z238-UL:~/gitDemo$ git commit -m "added a new file, modified dem"
[master (root-commit) b80bc45] added a new file, modified dem
 1 file changed, 1 insertion(+)
 create mode 160000 newgitrep
le_mca@Z238-UL:~/gitDemo$  git push origin master
fatal: 'origin' does not appear to be a git repository
fatal: Could not read from remote repository.

Please make sure you have the correct access rights
and the repository exists.
le_mca@Z238-UL:~/gitDemo$ git push origin master
fatal: 'origin' does not appear to be a git repository
fatal: Could not read from remote repository.

Please make sure you have the correct access rights
and the repository exists.
le_mca@Z238-UL:~/gitDemo$ cd newgitrep
le_mca@Z238-UL:~/gitDemo/newgitrep$ ls
demo.txt  locaion.txt  README.md
le_mca@Z238-UL:~/gitDemo/newgitrep$ git push origin master
Username for 'https://github.com': harisesalim21
Password for 'https://harisesalim21@github.com': 
remote: Invalid username or password.
fatal: Authentication failed for 'https://github.com/harisesalim21/newgitrep.git/'
le_mca@Z238-UL:~/gitDemo/newgitrep$ git push origin master
Username for 'https://github.com': harisesalim21
Password for 'https://harisesalim21@github.com': 
remote: Invalid username or password.
fatal: Authentication failed for 'https://github.com/harisesalim21/newgitrep.git/'
le_mca@Z238-UL:~/gitDemo/newgitrep$ git push origin master
Username for 'https://github.com': harisesalim21
Password for 'https://harisesalim21@github.com': 
Everything up-to-date
le_mca@Z238-UL:~/gitDemo/newgitrep$ ls
demo.txt  locaion.txt  README.md
le_mca@Z238-UL:~/gitDemo/newgitrep$ git commit -m "added a new file again , modified demo again"
On branch master
Your branch is up to date with 'origin/master'.

Changes not staged for commit:
	modified:   demo.txt

Untracked files:
	locaion.txt

no changes added to commit
le_mca@Z238-UL:~/gitDemo/newgitrep$ git add all
fatal: pathspec 'all' did not match any files
le_mca@Z238-UL:~/gitDemo/newgitrep$ git add 
Nothing specified, nothing added.
Maybe you wanted to say 'git add .'?
le_mca@Z238-UL:~/gitDemo/newgitrep$ git add demo.txt
le_mca@Z238-UL:~/gitDemo/newgitrep$ git add location.txt
fatal: pathspec 'location.txt' did not match any files
le_mca@Z238-UL:~/gitDemo/newgitrep$ git add locaion.txt
le_mca@Z238-UL:~/gitDemo/newgitrep$ git commit -m "added a new file again , modified demo again"
[master 71ff22c] added a new file again , modified demo again
 2 files changed, 7 insertions(+)
 create mode 100644 locaion.txt
le_mca@Z238-UL:~/gitDemo/newgitrep$ git push origin master
Username for 'https://github.com': harisesalim21
Password for 'https://harisesalim21@github.com': 
Counting objects: 4, done.
Delta compression using up to 4 threads.
Compressing objects: 100% (3/3), done.
Writing objects: 100% (4/4), 422 bytes | 422.00 KiB/s, done.
Total 4 (delta 1), reused 0 (delta 0)
remote: Resolving deltas: 100% (1/1), completed with 1 local object.
To https://github.com/harisesalim21/newgitrep.git
   b833966..71ff22c  master -> master
le_mca@Z238-UL:~/gitDemo/newgitrep$ git pull origin master
remote: Enumerating objects: 4, done.
remote: Counting objects: 100% (4/4), done.
remote: Compressing objects: 100% (3/3), done.
remote: Total 3 (delta 1), reused 0 (delta 0), pack-reused 0
Unpacking objects: 100% (3/3), done.
From https://github.com/harisesalim21/newgitrep
 * branch            master     -> FETCH_HEAD
   71ff22c..297023d  master     -> origin/master
Updating 71ff22c..297023d
Fast-forward
 newpage.txt | 4 ++++
 1 file changed, 4 insertions(+)
 create mode 100644 newpage.txt
le_mca@Z238-UL:~/gitDemo/newgitrep$ ls
demo.txt  locaion.txt  newpage.txt  README.md
le_mca@Z238-UL:~/gitDemo/newgitrep$ gedit newpage.txt
le_mca@Z238-UL:~/gitDemo/newgitrep$ git stash save "new lyric added to stash"
Saved working directory and index state On master: new lyric added to stash
le_mca@Z238-UL:~/gitDemo/newgitrep$ git stash list
stash@{0}: On master: new lyric added to stash
le_mca@Z238-UL:~/gitDemo/newgitrep$ gedit newpage.txt
le_mca@Z238-UL:~/gitDemo/newgitrep$ git stash save "debut for fahad added"
Saved working directory and index state On master: debut for fahad added
le_mca@Z238-UL:~/gitDemo/newgitrep$ git stash list
stash@{0}: On master: debut for fahad added
stash@{1}: On master: new lyric added to stash
le_mca@Z238-UL:~/gitDemo/newgitrep$ gedit newpage.txt
le_mca@Z238-UL:~/gitDemo/newgitrep$ git stash apply "debut for fahad added"
debut for fahad added is not a valid reference
le_mca@Z238-UL:~/gitDemo/newgitrep$ git stash apply statsh@{0}
statsh@{0} is not a valid reference
le_mca@Z238-UL:~/gitDemo/newgitrep$ git stash apply statsh@0
statsh@0 is not a valid reference
le_mca@Z238-UL:~/gitDemo/newgitrep$ git stash apply stash@{0}
On branch master
Your branch is up to date with 'origin/master'.

Changes not staged for commit:
  (use "git add <file>..." to update what will be committed)
  (use "git checkout -- <file>..." to discard changes in working directory)

	modified:   newpage.txt

no changes added to commit (use "git add" and/or "git commit -a")
le_mca@Z238-UL:~/gitDemo/newgitrep$ gedit newpage.txt
le_mca@Z238-UL:~/gitDemo/newgitrep$ git stash drop stash@{1}
Dropped stash@{1} (f92e00bdfad3e57f6d7920c9fd4db25f5598d481)
le_mca@Z238-UL:~/gitDemo/newgitrep$ git stash list
stash@{0}: On master: debut for fahad added
le_mca@Z238-UL:~/gitDemo/newgitrep$ git stash drop stash@{0}
Dropped stash@{0} (5569d4b1f2c7a81431db6f5cd55c306adcc46491)
le_mca@Z238-UL:~/gitDemo/newgitrep$ git stash list
le_mca@Z238-UL:~/gitDemo/newgitrep$ gedit newpage.txt
le_mca@Z238-UL:~/gitDemo/newgitrep$ git stash save "finalmsg"
Saved working directory and index state On master: finalmsg
le_mca@Z238-UL:~/gitDemo/newgitrep$ git stash list
stash@{0}: On master: finalmsg
le_mca@Z238-UL:~/gitDemo/newgitrep$ gedit newpage.txt
le_mca@Z238-UL:~/gitDemo/newgitrep$ git stash apply finalmsg
finalmsg is not a valid reference
le_mca@Z238-UL:~/gitDemo/newgitrep$ git stash apply stash@{0}
On branch master
Your branch is up to date with 'origin/master'.

Changes not staged for commit:
  (use "git add <file>..." to update what will be committed)
  (use "git checkout -- <file>..." to discard changes in working directory)

	modified:   newpage.txt

no changes added to commit (use "git add" and/or "git commit -a")

